// Jest Snapshot v1, https://goo.gl/fbAQLP

exports[`ConfigContentGenerator tests generate 1`] = `
"
export = {
    entry: __dirname + \\"/index.js\\",
    output: {
        path: __dirname + \\"/\\",
        filename: \\"\\",
    },
    devServer: {
        contentBase: __dirname + \\"\\",
    }, module: {
        rules :[],
    },
};
        "
`;
